[backblue.gif]
[fade.gif]
[index.html]
[www.cs.princeton.edu/_wayne/kleinberg-tardos/kleinberg-tardos.jpg]
[www.cs.princeton.edu/_wayne/kleinberg-tardos/pdf/01StableMatching.pdf]
[www.cs.princeton.edu/_wayne/kleinberg-tardos/pdf/02AlgorithmAnalysis.pdf]
[www.cs.princeton.edu/_wayne/kleinberg-tardos/pdf/03Graphs.pdf]
[www.cs.princeton.edu/_wayne/kleinberg-tardos/pdf/04GreedyAlgorithmsI.pdf]
[www.cs.princeton.edu/_wayne/kleinberg-tardos/pdf/04GreedyAlgorithmsII.pdf]
[www.cs.princeton.edu/_wayne/kleinberg-tardos/pdf/05DivideAndConquerI.pdf]
[www.cs.princeton.edu/_wayne/kleinberg-tardos/pdf/05DivideAndConquerII.pdf]
[www.cs.princeton.edu/_wayne/kleinberg-tardos/pdf/06DynamicProgrammingI.pdf]
[www.cs.princeton.edu/_wayne/kleinberg-tardos/pdf/06DynamicProgrammingII.pdf]
[www.cs.princeton.edu/_wayne/kleinberg-tardos/pdf/07NetworkFlowI.pdf]
[www.cs.princeton.edu/_wayne/kleinberg-tardos/pdf/07NetworkFlowII.pdf]
[www.cs.princeton.edu/_wayne/kleinberg-tardos/pdf/07NetworkFlowIII.pdf]
[www.cs.princeton.edu/_wayne/kleinberg-tardos/pdf/08IntractabilityI.pdf]
[www.cs.princeton.edu/_wayne/kleinberg-tardos/pdf/08IntractabilityII.pdf]
[www.cs.princeton.edu/_wayne/kleinberg-tardos/pdf/09PSPACE.pdf]
[www.cs.princeton.edu/_wayne/kleinberg-tardos/pdf/10ExtendingTractability.pdf]
[www.cs.princeton.edu/_wayne/kleinberg-tardos/pdf/11ApproximationAlgorithms.pdf]
[www.cs.princeton.edu/_wayne/kleinberg-tardos/pdf/12LocalSearch.pdf]
[www.cs.princeton.edu/_wayne/kleinberg-tardos/pdf/13RandomizedAlgorithms.pdf]
[www.cs.princeton.edu/_wayne/kleinberg-tardos/pdf/AmortizedAnalysis.pdf]
[www.cs.princeton.edu/_wayne/kleinberg-tardos/pdf/BinomialHeaps.pdf]
[www.cs.princeton.edu/_wayne/kleinberg-tardos/pdf/FibonacciHeaps.pdf]
[www.cs.princeton.edu/_wayne/kleinberg-tardos/pdf/UnionFind.pdf]
[www.cs.princeton.edu/_wayne/kleinberg-tardos/pdf/LinearProgrammingI.pdf]
[www.cs.princeton.edu/_wayne/kleinberg-tardos/pdf/LinearProgrammingII.pdf]
[www.cs.princeton.edu/_wayne/kleinberg-tardos/pdf/LinearProgrammingIII.pdf]
[www.cs.princeton.edu/_wayne/kleinberg-tardos/pdf/01StableMatching-2x2.pdf]
[www.cs.princeton.edu/_wayne/kleinberg-tardos/pdf/01DemoGaleShapley.pdf]
[www.cs.princeton.edu/_wayne/kleinberg-tardos/pdf/02AlgorithmAnalysis-2x2.pdf]
[www.cs.princeton.edu/_wayne/kleinberg-tardos/pdf/02DemoBinarySearch.pdf]
[www.cs.princeton.edu/_wayne/kleinberg-tardos/pdf/03Graphs-2x2.pdf]
[www.cs.princeton.edu/_wayne/kleinberg-tardos/pdf/04GreedyAlgorithmsI-2x2.pdf]
[www.cs.princeton.edu/_wayne/kleinberg-tardos/pdf/04DemoEarliestFinishTimeFirst.pdf]
[www.cs.princeton.edu/_wayne/kleinberg-tardos/pdf/04DemoEarliestStartTimeFirst.pdf]
[www.cs.princeton.edu/_wayne/kleinberg-tardos/pdf/04GreedyAlgorithmsII-2x2.pdf]
[www.cs.princeton.edu/_wayne/kleinberg-tardos/pdf/04DemoDijkstra.pdf]
[www.cs.princeton.edu/_wayne/kleinberg-tardos/pdf/04DemoMST.pdf]
[www.cs.princeton.edu/_wayne/kleinberg-tardos/pdf/04DemoEdmondsBranching.pdf]
[www.cs.princeton.edu/_wayne/kleinberg-tardos/pdf/05DivideAndConquerI-2x2.pdf]
[www.cs.princeton.edu/_wayne/kleinberg-tardos/pdf/05DemoMerge.pdf]
[www.cs.princeton.edu/_wayne/kleinberg-tardos/pdf/05DemoQuick.pdf]
[www.cs.princeton.edu/_wayne/kleinberg-tardos/pdf/05DivideAndConquerII-2x2.pdf]
[www.cs.princeton.edu/_wayne/kleinberg-tardos/pdf/06DynamicProgrammingI-2x2.pdf]
[www.cs.princeton.edu/_wayne/kleinberg-tardos/pdf/06DynamicProgrammingII-2x2.pdf]
[www.cs.princeton.edu/_wayne/kleinberg-tardos/pdf/07NetworkFlowI-2x2.pdf]
[www.cs.princeton.edu/_wayne/kleinberg-tardos/pdf/07DemoFordFulkerson.pdf]
[www.cs.princeton.edu/_wayne/kleinberg-tardos/pdf/07NetworkFlowII-2x2.pdf]
[www.cs.princeton.edu/_wayne/kleinberg-tardos/pdf/07NetworkFlowIII-2x2.pdf]
[www.cs.princeton.edu/_wayne/kleinberg-tardos/pdf/08IntractabilityI-2x2.pdf]
[www.cs.princeton.edu/_wayne/kleinberg-tardos/pdf/08IntractabilityII-2x2.pdf]
[www.cs.princeton.edu/_wayne/kleinberg-tardos/pdf/IntractabilityIII.pdf]
[www.cs.princeton.edu/_wayne/kleinberg-tardos/pdf/IntractabilityIII-2x2.pdf]
[www.cs.princeton.edu/_wayne/kleinberg-tardos/pdf/DemoGreedyIndependentSetTrees.pdf]
[www.cs.princeton.edu/_wayne/kleinberg-tardos/pdf/DemoGreedyVertexCover.pdf]
[www.cs.princeton.edu/_wayne/kleinberg-tardos/pdf/09PSPACE-2x2.pdf]
[www.cs.princeton.edu/_wayne/kleinberg-tardos/pdf/10ExtendingTractability-2x2.pdf]
[www.cs.princeton.edu/_wayne/kleinberg-tardos/pdf/11ApproximationAlgorithms-2x2.pdf]
[www.cs.princeton.edu/_wayne/kleinberg-tardos/pdf/11DemoListScheduling.pdf]
[www.cs.princeton.edu/_wayne/kleinberg-tardos/pdf/12LocalSearch-2x2.pdf]
[www.cs.princeton.edu/_wayne/kleinberg-tardos/pdf/13RandomizedAlgorithms-2x2.pdf]
[www.cs.princeton.edu/_wayne/kleinberg-tardos/pdf/AmortizedAnalysis-2x2.pdf]
[www.cs.princeton.edu/_wayne/kleinberg-tardos/pdf/DemoDynamicTable.pdf]
[www.cs.princeton.edu/_wayne/kleinberg-tardos/pdf/BinomialHeaps-2x2.pdf]
[www.cs.princeton.edu/_wayne/kleinberg-tardos/pdf/DemoBinaryHeap.pdf]
[www.cs.princeton.edu/_wayne/kleinberg-tardos/pdf/DemoHeapify.pdf]
[www.cs.princeton.edu/_wayne/kleinberg-tardos/pdf/FibonacciHeaps-2x2.pdf]
[www.cs.princeton.edu/_wayne/kleinberg-tardos/pdf/UnionFind-2x2.pdf]
[www.cs.princeton.edu/_wayne/kleinberg-tardos/pdf/LinearProgrammingI-2x2.pdf]
[www.cs.princeton.edu/_wayne/kleinberg-tardos/pdf/LinearProgrammingII-2x2.pdf]
[www.cs.princeton.edu/_wayne/kleinberg-tardos/pdf/LinearProgrammingIII-2x2.pdf]
[www.cs.princeton.edu/_wayne/kleinberg-tardos/CLRS.jpg]
[www.cs.princeton.edu/_wayne/kleinberg-tardos/dasgupta.jpg]
[www.cs.princeton.edu/_wayne/kleinberg-tardos/kozen.jpg]
[www.cs.princeton.edu/_wayne/kleinberg-tardos/sedgewick-wayne.png]
[www.cs.princeton.edu/_wayne/kleinberg-tardos/tarjan.jpg]
[www.cs.princeton.edu/_wayne/kleinberg-tardos/chvatal.gif]
[www.cs.princeton.edu/_wayne/kleinberg-tardos/index.html]
[www.cs.princeton.edu/_wayne/kleinberg-tardos/kleinberg-tardos.css]
[www.cs.princeton.edu/_wayne/kleinberg-tardos/pdf/04HuffmanCodes.html]
[www.cs.princeton.edu/_wayne/kleinberg-tardos/pearson/kleinberg-tardos.jpg]
[www.cs.princeton.edu/_wayne/kleinberg-tardos/pearson/01StableMatching.pdf]
[www.cs.princeton.edu/_wayne/kleinberg-tardos/pearson/02AlgorithmAnalysis.pdf]
[www.cs.princeton.edu/_wayne/kleinberg-tardos/pearson/03Graphs.pdf]
[www.cs.princeton.edu/_wayne/kleinberg-tardos/pearson/04GreedyAlgorithms.pdf]
[www.cs.princeton.edu/_wayne/kleinberg-tardos/pearson/04MinimumSpanningTrees.pdf]
[www.cs.princeton.edu/_wayne/kleinberg-tardos/pearson/05DivideAndConquer.pdf]
[www.cs.princeton.edu/_wayne/kleinberg-tardos/pearson/05Multiplication.pdf]
[www.cs.princeton.edu/_wayne/kleinberg-tardos/pearson/06DynamicProgramming.pdf]
[www.cs.princeton.edu/_wayne/kleinberg-tardos/pearson/06BellmanFord.pdf]
[www.cs.princeton.edu/_wayne/kleinberg-tardos/pearson/07MaximumFlow.pdf]
[www.cs.princeton.edu/_wayne/kleinberg-tardos/pearson/07AssignmentProblem.pdf]
[www.cs.princeton.edu/_wayne/kleinberg-tardos/pearson/08Intractability.pdf]
[www.cs.princeton.edu/_wayne/kleinberg-tardos/pearson/08PolynomialTimeReductions.pdf]
[www.cs.princeton.edu/_wayne/kleinberg-tardos/pearson/09PSPACE.pdf]
[www.cs.princeton.edu/_wayne/kleinberg-tardos/pearson/10ExtendingTractability.pdf]
[www.cs.princeton.edu/_wayne/kleinberg-tardos/pearson/11ApproximationAlgorithms.pdf]
[www.cs.princeton.edu/_wayne/kleinberg-tardos/pearson/12LocalSearch.pdf]
[www.cs.princeton.edu/_wayne/kleinberg-tardos/pearson/13RandomizedAlgorithms.pdf]
[www.cs.princeton.edu/_wayne/kleinberg-tardos/pearson/01StableMatching-2x2.pdf]
[www.cs.princeton.edu/_wayne/kleinberg-tardos/pearson/02AlgorithmAnalysis-2x2.pdf]
[www.cs.princeton.edu/_wayne/kleinberg-tardos/pearson/03Graphs-2x2.pdf]
[www.cs.princeton.edu/_wayne/kleinberg-tardos/pearson/04GreedyAlgorithms-2x2.pdf]
[www.cs.princeton.edu/_wayne/kleinberg-tardos/pearson/04MinimumSpanningTrees-2x2.pdf]
[www.cs.princeton.edu/_wayne/kleinberg-tardos/pearson/04Huffman.pdf]
[www.cs.princeton.edu/_wayne/kleinberg-tardos/pearson/04Huffman-2x2.pdf]
[www.cs.princeton.edu/_wayne/kleinberg-tardos/pearson/05DivideAndConquer-2x2.pdf]
[www.cs.princeton.edu/_wayne/kleinberg-tardos/pearson/05Multiplication-2x2.pdf]
[www.cs.princeton.edu/_wayne/kleinberg-tardos/pearson/06DynamicProgramming-2x2.pdf]
[www.cs.princeton.edu/_wayne/kleinberg-tardos/pearson/06BellmanFord-2x2.pdf]
[www.cs.princeton.edu/_wayne/kleinberg-tardos/pearson/07MaximumFlow-2x2.pdf]
[www.cs.princeton.edu/_wayne/kleinberg-tardos/pearson/07MaximumFlowApplications.pdf]
[www.cs.princeton.edu/_wayne/kleinberg-tardos/pearson/07MaximumFlowApplications-2x2.pdf]
[www.cs.princeton.edu/_wayne/kleinberg-tardos/pearson/07AssignmentProblem-2x2.pdf]
[www.cs.princeton.edu/_wayne/kleinberg-tardos/pearson/08Intractability-2x2.pdf]
[www.cs.princeton.edu/_wayne/kleinberg-tardos/pearson/08PolynomialTimeReductions-2x2.pdf]
[www.cs.princeton.edu/_wayne/kleinberg-tardos/pearson/08NPComplete.pdf]
[www.cs.princeton.edu/_wayne/kleinberg-tardos/pearson/08NPComplete-2x2.pdf]
[www.cs.princeton.edu/_wayne/kleinberg-tardos/pearson/09PSPACE-2x2.pdf]
[www.cs.princeton.edu/_wayne/kleinberg-tardos/pearson/10ExtendingTractability-2x2.pdf]
[www.cs.princeton.edu/_wayne/kleinberg-tardos/pearson/11ApproximationAlgorithms-2x2.pdf]
[www.cs.princeton.edu/_wayne/kleinberg-tardos/pearson/12LocalSearch-2x2.pdf]
[www.cs.princeton.edu/_wayne/kleinberg-tardos/pearson/13RandomizedAlgorithms-2x2.pdf]
[www.cs.princeton.edu/_wayne/kleinberg-tardos/pearson/index.html]
[www.cs.princeton.edu/_wayne/kleinberg-tardos/errata.html]
[www.cs.princeton.edu/_wayne/kleinberg-tardos/favicon.html]
[www.cs.princeton.edu/_wayne/kleinberg-tardos/pearson/kleinberg-tardos.css]
[www.cs.princeton.edu/_wayne/kleinberg-tardos/pearson/04HuffmanCodes.html]
[www.cs.princeton.edu/_wayne/kleinberg-tardos/pearson/07MaximumFlowAppications.html]
[www.cs.princeton.edu/_wayne/kleinberg-tardos/pearson/08NPCompleteness.html]
